<?xml version="1.0" encoding="utf-8"?><testsuites><testsuite name="pytest" errors="0" failures="0" skipped="0" tests="4" time="0.176" timestamp="2024-01-18T20:08:48.544535" hostname="DESKTOP-MG614AP"><testcase classname="tests.test_cache.TestCacheFunctions" name="test_get_from_cache_existing_key" time="0.003" /><testcase classname="tests.test_cache.TestCacheFunctions" name="test_get_from_cache_non_existing_key" time="0.003" /><testcase classname="tests.test_cache.TestCacheFunctions" name="test_put_in_cache_exceeding_capacity" time="0.009" /><testcase classname="tests.test_cache.TestCacheFunctions" name="test_put_in_cache_within_capacity" time="0.003" /></testsuite></testsuites>